// Jest Snapshot v1, https://goo.gl/fbAQLP

exports[`BTButton Component renders correctly 1`] = `ShallowWrapper {}`;
