// Jest Snapshot v1, https://goo.gl/fbAQLP

exports[`DateDropDown Component renders correctly 1`] = `ShallowWrapper {}`;
