// Jest Snapshot v1, https://goo.gl/fbAQLP

exports[`BTCheckbox Component renders correctly 1`] = `ShallowWrapper {}`;
