// Jest Snapshot v1, https://goo.gl/fbAQLP

exports[`EditTextFields Component renders correctly 1`] = `ShallowWrapper {}`;
